[31Oct2024 16:26:52.934] [main/INFO] [cpw.mods.modlauncher.Launcher/MODLAUNCHER]: ModLauncher running: args [--launchTarget, forgeclientuserdev, --version, 21.1.65, --assetIndex, 17, --assetsDir, C:\\Users\\Karl\\.mcreator\\gradle\\caches\\neoformruntime\\assets, --gameDir, ., --fml.neoForgeVersion, 21.1.65, --fml.fmlVersion, 4.0.24, --fml.mcVersion, 1.21.1, --fml.neoFormVersion, 20240808.144430]
[31Oct2024 16:26:52.939] [main/INFO] [cpw.mods.modlauncher.Launcher/MODLAUNCHER]: JVM identified as Eclipse Adoptium OpenJDK 64-Bit Server VM 21.0.4+7-LTS
[31Oct2024 16:26:52.942] [main/INFO] [cpw.mods.modlauncher.Launcher/MODLAUNCHER]: ModLauncher 11.0.4+main.d2e20e43 starting: java version 21.0.4 by Eclipse Adoptium; OS Windows 11 arch amd64 version 10.0
[31Oct2024 16:26:53.129] [main/INFO] [net.neoforged.fml.loading.ImmediateWindowHandler/]: Loading ImmediateWindowProvider fmlearlywindow
[31Oct2024 16:26:53.295] [main/INFO] [EARLYDISPLAY/]: Trying GL version 4.6
[31Oct2024 16:26:53.817] [main/INFO] [EARLYDISPLAY/]: Requested GL version 4.6 got version 4.6
[31Oct2024 16:26:54.007] [main/INFO] [mixin/]: SpongePowered MIXIN Subsystem Version=0.8.7 Source=union:/C:/Users/Karl/.mcreator/gradle/caches/modules-2/files-2.1/net.fabricmc/sponge-mixin/0.15.2+mixin.0.8.7/2af2f021d8e02a0220dc27a7a72b4666d66d44ca/sponge-mixin-0.15.2+mixin.0.8.7.jar%23131!/ Service=ModLauncher Env=CLIENT
[31Oct2024 16:26:54.188] [pool-2-thread-1/INFO] [EARLYDISPLAY/]: GL info: NVIDIA GeForce RTX 3050 Ti Laptop GPU/PCIe/SSE2 GL version 4.6.0 NVIDIA 552.12, NVIDIA Corporation
[31Oct2024 16:26:54.491] [main/INFO] [net.neoforged.fml.loading.moddiscovery.locators.JarInJarDependencyLocator/]: Found 2 dependencies adding them to mods collection
[31Oct2024 16:26:55.532] [main/INFO] [cpw.mods.modlauncher.LaunchServiceHandler/MODLAUNCHER]: Launching target 'forgeclientuserdev' with arguments [--version, 21.1.65, --gameDir, ., --assetsDir, C:\Users\Karl\.mcreator\gradle\caches\neoformruntime\assets, --assetIndex, 17]
[31Oct2024 16:26:57.642] [Datafixer Bootstrap/INFO] [com.mojang.datafixers.DataFixerBuilder/]: 229 Datafixer optimizations took 416 milliseconds
[31Oct2024 16:26:58.228] [pool-7-thread-1/INFO] [MixinExtras|Service/]: Initializing MixinExtras via com.llamalad7.mixinextras.service.MixinExtrasServiceImpl(version=0.4.1).
[31Oct2024 16:27:03.628] [main/WARN] [net.minecraft.commands.Commands/]: Ambiguity between arguments [teleport, location] and [teleport, destination] with inputs: [0.1 -0.5 .9, 0 0 0]
[31Oct2024 16:27:03.632] [main/WARN] [net.minecraft.commands.Commands/]: Ambiguity between arguments [teleport, location] and [teleport, targets] with inputs: [0.1 -0.5 .9, 0 0 0]
[31Oct2024 16:27:03.637] [main/WARN] [net.minecraft.commands.Commands/]: Ambiguity between arguments [teleport, destination] and [teleport, targets] with inputs: [Player, 0123, @e, dd12be42-52a9-4a91-a8a1-11c01849e498]
[31Oct2024 16:27:03.639] [main/WARN] [net.minecraft.commands.Commands/]: Ambiguity between arguments [teleport, targets] and [teleport, destination] with inputs: [Player, 0123, dd12be42-52a9-4a91-a8a1-11c01849e498]
[31Oct2024 16:27:03.642] [main/WARN] [net.minecraft.commands.Commands/]: Ambiguity between arguments [teleport, targets, location] and [teleport, targets, destination] with inputs: [0.1 -0.5 .9, 0 0 0]
[31Oct2024 16:27:03.788] [Render thread/WARN] [net.minecraft.server.packs.VanillaPackResourcesBuilder/]: Assets URL 'union:/D:/Files/Da%20Documents/Mods/MC-Kraftmined-Ultimate/Kombat/build/moddev/artifacts/neoforge-21.1.65-minecraft.jar%23183!/assets/.mcassetsroot' uses unexpected schema
[31Oct2024 16:27:03.789] [Render thread/WARN] [net.minecraft.server.packs.VanillaPackResourcesBuilder/]: Assets URL 'union:/D:/Files/Da%20Documents/Mods/MC-Kraftmined-Ultimate/Kombat/build/moddev/artifacts/neoforge-21.1.65-minecraft.jar%23183!/data/.mcassetsroot' uses unexpected schema
[31Oct2024 16:27:03.819] [Render thread/INFO] [com.mojang.authlib.yggdrasil.YggdrasilAuthenticationService/]: Environment: Environment[sessionHost=https://sessionserver.mojang.com, servicesHost=https://api.minecraftservices.com, name=PROD]
[31Oct2024 16:27:03.831] [Render thread/INFO] [net.minecraft.client.Minecraft/]: Setting user: Dev
[31Oct2024 16:27:03.934] [Render thread/INFO] [net.minecraft.client.Minecraft/]: Backend library: LWJGL version 3.3.3+5
[31Oct2024 16:27:04.176] [modloading-worker-0/INFO] [net.neoforged.neoforge.common.NeoForgeMod/NEOFORGE-MOD]: NeoForge mod loading, version 21.1.65, for MC 1.21.1
[31Oct2024 16:27:05.305] [Render thread/INFO] [net.neoforged.neoforge.gametest.GameTestHooks/]: Enabled Gametest Namespaces: []
[31Oct2024 16:27:05.575] [Render thread/INFO] [net.minecraft.server.packs.resources.ReloadableResourceManager/]: Reloading ResourceManager: vanilla, mod_resources, mod/neoforge, mod/km_kombat
[31Oct2024 16:27:05.749] [Worker-Main-1/INFO] [net.minecraft.client.gui.font.providers.UnihexProvider/]: Found unifont_all_no_pua-15.1.05.hex, loading
[31Oct2024 16:27:06.025] [Worker-Main-7/INFO] [net.minecraft.client.gui.font.providers.UnihexProvider/]: Found unifont_jp_patch-15.1.05.hex, loading
[31Oct2024 16:27:06.235] [Worker-Main-4/WARN] [net.minecraft.client.renderer.texture.SpriteLoader/]: Texture km_kombat:item/obsidian_katana with size 24x23 limits mip level from 2 to 0
[31Oct2024 16:27:08.003] [Render thread/WARN] [net.minecraft.client.sounds.SoundEngine/]: Missing sound for event: minecraft:item.goat_horn.play
[31Oct2024 16:27:08.004] [Render thread/WARN] [net.minecraft.client.sounds.SoundEngine/]: Missing sound for event: minecraft:entity.goat.screaming.horn_break
[31Oct2024 16:27:08.750] [Render thread/INFO] [com.mojang.blaze3d.audio.Library/]: OpenAL initialized on device OpenAL Soft on Speakers (Realtek(R) Audio)
[31Oct2024 16:27:08.751] [Render thread/INFO] [net.minecraft.client.sounds.SoundEngine/SOUNDS]: Sound engine started
[31Oct2024 16:27:08.850] [Render thread/INFO] [net.minecraft.client.renderer.texture.TextureAtlas/]: Created: 1024x512x2 minecraft:textures/atlas/blocks.png-atlas
[31Oct2024 16:27:08.859] [Render thread/INFO] [net.minecraft.client.renderer.texture.TextureAtlas/]: Created: 256x256x2 minecraft:textures/atlas/signs.png-atlas
[31Oct2024 16:27:08.860] [Render thread/INFO] [net.minecraft.client.renderer.texture.TextureAtlas/]: Created: 512x512x2 minecraft:textures/atlas/shield_patterns.png-atlas
[31Oct2024 16:27:08.861] [Render thread/INFO] [net.minecraft.client.renderer.texture.TextureAtlas/]: Created: 512x512x2 minecraft:textures/atlas/banner_patterns.png-atlas
[31Oct2024 16:27:08.862] [Render thread/INFO] [net.minecraft.client.renderer.texture.TextureAtlas/]: Created: 1024x1024x2 minecraft:textures/atlas/armor_trims.png-atlas
[31Oct2024 16:27:08.866] [Render thread/INFO] [net.minecraft.client.renderer.texture.TextureAtlas/]: Created: 128x64x2 minecraft:textures/atlas/decorated_pot.png-atlas
[31Oct2024 16:27:08.866] [Render thread/INFO] [net.minecraft.client.renderer.texture.TextureAtlas/]: Created: 256x256x2 minecraft:textures/atlas/chest.png-atlas
[31Oct2024 16:27:08.866] [Render thread/INFO] [net.minecraft.client.renderer.texture.TextureAtlas/]: Created: 512x256x2 minecraft:textures/atlas/shulker_boxes.png-atlas
[31Oct2024 16:27:08.867] [Render thread/INFO] [net.minecraft.client.renderer.texture.TextureAtlas/]: Created: 512x256x2 minecraft:textures/atlas/beds.png-atlas
[31Oct2024 16:27:08.960] [Render thread/INFO] [net.minecraft.client.renderer.texture.TextureAtlas/]: Created: 512x256x0 minecraft:textures/atlas/particles.png-atlas
[31Oct2024 16:27:08.962] [Render thread/INFO] [net.minecraft.client.renderer.texture.TextureAtlas/]: Created: 512x256x0 minecraft:textures/atlas/paintings.png-atlas
[31Oct2024 16:27:08.962] [Render thread/INFO] [net.minecraft.client.renderer.texture.TextureAtlas/]: Created: 256x128x0 minecraft:textures/atlas/mob_effects.png-atlas
[31Oct2024 16:27:08.962] [Render thread/INFO] [net.minecraft.client.renderer.texture.TextureAtlas/]: Created: 64x64x0 minecraft:textures/atlas/map_decorations.png-atlas
[31Oct2024 16:27:08.963] [Render thread/INFO] [net.minecraft.client.renderer.texture.TextureAtlas/]: Created: 1024x512x0 minecraft:textures/atlas/gui.png-atlas
[31Oct2024 16:27:08.984] [Render thread/WARN] [net.minecraft.client.renderer.ShaderInstance/]: Shader rendertype_entity_translucent_emissive could not find sampler named Sampler2 in the specified shader program.
[31Oct2024 16:27:09.038] [Render thread/INFO] [net.neoforged.neoforge.client.entity.animation.json.AnimationLoader/]: Loaded 0 entity animations
[31Oct2024 16:27:19.241] [Render thread/INFO] [net.minecraft.world.level.storage.LevelStorageSource/]: Deleting level New World
[31Oct2024 16:27:19.241] [Render thread/INFO] [net.minecraft.world.level.storage.LevelStorageSource/]: Attempt 1...
[31Oct2024 16:27:20.192] [Worker-Main-4/ERROR] [net.minecraft.tags.TagLoader/]: Couldn't load tag km_kombat:totems as it is missing following references: 
	kraftmined:totem_creeping (from mod/km_kombat)
	kraftmined:totem_dying (from mod/km_kombat)
[31Oct2024 16:27:20.195] [Worker-Main-4/ERROR] [net.minecraft.tags.TagLoader/]: Couldn't load tag km_kombat:all_leggings as it is missing following references: 
	kraftmined:obsidian_armor_leggings (from mod/km_kombat)
	kraftmined:wood_armor_leggings (from mod/km_kombat)
	kraftmined:stone_armor_leggings (from mod/km_kombat)
	kraftmined:lapis_armor_leggings (from mod/km_kombat)
	kraftmined:cactus_armor_leggings (from mod/km_kombat)
	kraftmined:tnt_armor_leggings (from mod/km_kombat)
	kraftmined:nickel_armor_leggings (from mod/km_kombat)
	kraftmined:tungsten_armor_leggings (from mod/km_kombat)
	kraftmined:titanium_armor_leggings (from mod/km_kombat)
[31Oct2024 16:27:20.327] [Render thread/INFO] [net.minecraft.world.item.crafting.RecipeManager/]: Loaded 1302 recipes
[31Oct2024 16:27:20.554] [Render thread/INFO] [net.minecraft.advancements.AdvancementTree/]: Loaded 1399 advancements
[31Oct2024 16:27:29.901] [Server thread/INFO] [net.minecraft.client.server.IntegratedServer/]: Starting integrated minecraft server version 1.21.1
[31Oct2024 16:27:29.902] [Server thread/INFO] [net.minecraft.server.MinecraftServer/]: Generating keypair
[31Oct2024 16:27:33.254] [Server thread/INFO] [net.minecraft.server.MinecraftServer/]: Preparing start region for dimension minecraft:overworld
[31Oct2024 16:27:33.281] [progressListener/INFO] [net.minecraft.server.level.progress.LoggerChunkProgressListener/]: Preparing spawn area: 2%
[31Oct2024 16:27:33.769] [progressListener/INFO] [net.minecraft.server.level.progress.LoggerChunkProgressListener/]: Preparing spawn area: 2%
[31Oct2024 16:27:34.273] [progressListener/INFO] [net.minecraft.server.level.progress.LoggerChunkProgressListener/]: Preparing spawn area: 2%
[31Oct2024 16:27:34.763] [progressListener/INFO] [net.minecraft.server.level.progress.LoggerChunkProgressListener/]: Preparing spawn area: 18%
[31Oct2024 16:27:35.276] [progressListener/INFO] [net.minecraft.server.level.progress.LoggerChunkProgressListener/]: Preparing spawn area: 18%
[31Oct2024 16:27:36.080] [progressListener/INFO] [net.minecraft.server.level.progress.LoggerChunkProgressListener/]: Preparing spawn area: 51%
[31Oct2024 16:27:36.270] [progressListener/INFO] [net.minecraft.server.level.progress.LoggerChunkProgressListener/]: Preparing spawn area: 51%
[31Oct2024 16:27:36.768] [progressListener/INFO] [net.minecraft.server.level.progress.LoggerChunkProgressListener/]: Preparing spawn area: 51%
[31Oct2024 16:27:36.975] [Server thread/INFO] [net.neoforged.neoforge.server.permission.PermissionAPI/]: Successfully initialized permission handler neoforge:default_handler
[31Oct2024 16:27:36.979] [progressListener/INFO] [net.minecraft.server.level.progress.LoggerChunkProgressListener/]: Time elapsed: 3716 ms
[31Oct2024 16:27:37.064] [Server thread/INFO] [net.minecraft.client.server.IntegratedServer/]: Changing view distance to 5, from 10
[31Oct2024 16:27:37.065] [Server thread/INFO] [net.minecraft.client.server.IntegratedServer/]: Changing simulation distance to 12, from 0
[31Oct2024 16:27:37.935] [Server thread/INFO] [net.minecraft.server.players.PlayerList/]: Dev[local:E:122ca266] logged in with entity id 16 at (-181.5, 70.0, -73.5)
[31Oct2024 16:27:38.010] [Server thread/INFO] [net.minecraft.server.MinecraftServer/]: Dev joined the game
[31Oct2024 16:27:38.146] [Render thread/INFO] [net.minecraft.advancements.AdvancementTree/]: Loaded 2 advancements
[31Oct2024 16:30:17.042] [Render thread/INFO] [net.minecraft.advancements.AdvancementTree/]: Loaded 3 advancements
[31Oct2024 16:30:30.578] [Server thread/INFO] [net.minecraft.client.server.IntegratedServer/]: Saving and pausing game...
[31Oct2024 16:30:30.611] [Server thread/INFO] [net.minecraft.server.MinecraftServer/]: Saving chunks for level 'ServerLevel[New Worldasa]'/minecraft:overworld
[31Oct2024 16:30:30.654] [Server thread/INFO] [net.minecraft.server.MinecraftServer/]: Saving chunks for level 'ServerLevel[New Worldasa]'/minecraft:the_nether
[31Oct2024 16:30:30.665] [Server thread/INFO] [net.minecraft.server.MinecraftServer/]: Saving chunks for level 'ServerLevel[New Worldasa]'/minecraft:the_end
[31Oct2024 16:30:33.540] [Server thread/INFO] [net.minecraft.server.network.ServerGamePacketListenerImpl/]: Dev lost connection: Disconnected
[31Oct2024 16:30:33.541] [Server thread/INFO] [net.minecraft.server.MinecraftServer/]: Dev left the game
[31Oct2024 16:30:33.553] [Server thread/INFO] [net.minecraft.server.network.ServerCommonPacketListenerImpl/]: Stopping singleplayer server as player logged out
[31Oct2024 16:30:33.580] [Server thread/INFO] [net.minecraft.server.MinecraftServer/]: Stopping server
[31Oct2024 16:30:33.581] [Server thread/INFO] [net.minecraft.server.MinecraftServer/]: Saving players
[31Oct2024 16:30:33.581] [Server thread/INFO] [net.minecraft.server.MinecraftServer/]: Saving worlds
[31Oct2024 16:30:34.697] [Server thread/INFO] [net.minecraft.server.MinecraftServer/]: Saving chunks for level 'ServerLevel[New Worldasa]'/minecraft:overworld
[31Oct2024 16:30:34.747] [Server thread/INFO] [net.minecraft.server.MinecraftServer/]: Saving chunks for level 'ServerLevel[New Worldasa]'/minecraft:the_nether
[31Oct2024 16:30:34.754] [Server thread/INFO] [net.minecraft.server.MinecraftServer/]: Saving chunks for level 'ServerLevel[New Worldasa]'/minecraft:the_end
[31Oct2024 16:30:34.767] [Server thread/INFO] [net.minecraft.server.MinecraftServer/]: ThreadedAnvilChunkStorage (New Worldasa): All chunks are saved
[31Oct2024 16:30:34.767] [Server thread/INFO] [net.minecraft.server.MinecraftServer/]: ThreadedAnvilChunkStorage (DIM-1): All chunks are saved
[31Oct2024 16:30:34.768] [Server thread/INFO] [net.minecraft.server.MinecraftServer/]: ThreadedAnvilChunkStorage (DIM1): All chunks are saved
[31Oct2024 16:30:34.768] [Server thread/INFO] [net.minecraft.server.MinecraftServer/]: ThreadedAnvilChunkStorage: All dimensions are saved
[31Oct2024 16:30:35.506] [Render thread/INFO] [net.minecraft.client.Minecraft/]: Stopping!
